{
  "items": [
    {
      "name": "move_mo"
    }
  ]
}
