{
  "area_type": "NORMAL",
  "client": null,
  "clip_window": {
    "end_time": 10.0,
    "start_time": 10.0
  },
  "created": "2023-06-29T08:54:52.349467Z",
  "human_height": 1.5,
  "id": "volume-af54cc45-7137-4206-a4c1-b3bc21b398fc",
  "metadata": {
    "analysis": "UmKdTFlLMIuIvJkRJnoM",
    "decade": "zAvJMvacZIYSmMsDUNvC",
    "director": "KNmpExWtgQLcAEuRyBkN",
    "draw": "PnbQcVNCliYtuFCSJkGb",
    "house": "aYyOUXkJPUjPJGpDdakX",
    "huge": "eFaLyHGEQQpSzpRFSYEm",
    "last": "dnZCcfgZNBnaEkbOzIyO",
    "other": "XbBPNrbhtJksbBuoWXSK",
    "table": "ACMVZcKAiGBcYgCzHAad",
    "trouble": "UgnhIyaDJzohUigyDYZf"
  },
  "name": "fake_volume",
  "outputs": null,
  "progress": {
    "percentage_complete": 50,
    "state": "RUNNING"
  },
  "sources": null,
  "state": "RUNNING"
}
