{
  "code": "WkDQwclzAvJMvacZIYSm",
  "created": "2014-04-25T09:00:00.000000",
  "expires": "2014-04-25T09:15:00.000000",
  "file_id": "ac8201d5-5a45-48cb-a9ab-794abe8f69a7",
  "url": "HttpUrl('https://www.ramirez.biz/')"
}
