{
  "client": {
    "created": "2023-06-12T00:00:00.000000+0000",
    "id": "client-47c982ec-60ab-4a0b-9286-2db4a76abc18",
    "metadata": {
      "foo": "bar"
    },
    "name": "PYTEST_INVALID_CLIENT_NAME",
    "portal": "HttpUrl('https://app.svix.com/login?primaryColorLight=39ddef&primaryColorDark=39ddef#key=')"
  },
  "created": "2023-07-03T14:48:06.029019+0000",
  "id": "file-a0059241-7ede-411c-a149-769a4305e8b6",
  "metadata": {
    "analysis": "UmKdTFlLMIuIvJkRJnoM",
    "decade": "zAvJMvacZIYSmMsDUNvC",
    "director": "KNmpExWtgQLcAEuRyBkN",
    "draw": "PnbQcVNCliYtuFCSJkGb",
    "house": "aYyOUXkJPUjPJGpDdakX",
    "huge": "eFaLyHGEQQpSzpRFSYEm",
    "last": "dnZCcfgZNBnaEkbOzIyO",
    "other": "XbBPNrbhtJksbBuoWXSK",
    "table": "ACMVZcKAiGBcYgCzHAad",
    "trouble": "UgnhIyaDJzohUigyDYZf"
  },
  "name": "",
  "presigned_url": "HttpUrl('https://pytest_invalid_presigned_url.com/file')",
  "thumbnail_url": "HttpUrl('https://pytest_invalid_thumbnail_url.com/file')",
  "type": ".mp4"
}
