{
  "created": "2023-06-12T00:00:00.000000+0000",
  "id": "client-47c982ec-60ab-4a0b-9286-2db4a76abc18",
  "metadata": {
    "foo": "bar"
  },
  "name": "PYTEST_INVALID_CLIENT_NAME",
  "portal": "HttpUrl('https://app.svix.com/login?primaryColorLight=39ddef&primaryColorDark=39ddef#key=')"
}
