{
  "created": "2023-06-12T00:00:00.000000+0000",
  "id": "client-47c982ec-60ab-4a0b-9286-2db4a76abc18",
  "metadata": {
    "analysis": "UmKdTFlLMIuIvJkRJnoM",
    "decade": "zAvJMvacZIYSmMsDUNvC",
    "director": "KNmpExWtgQLcAEuRyBkN",
    "draw": "PnbQcVNCliYtuFCSJkGb",
    "house": "aYyOUXkJPUjPJGpDdakX",
    "huge": "eFaLyHGEQQpSzpRFSYEm",
    "last": "dnZCcfgZNBnaEkbOzIyO",
    "other": "XbBPNrbhtJksbBuoWXSK",
    "table": "ACMVZcKAiGBcYgCzHAad",
    "trouble": "UgnhIyaDJzohUigyDYZf"
  },
  "name": "PYTEST_INVALID_CLIENT_NAME",
  "portal": "HttpUrl('https://app.svix.com/login?primaryColorLight=39ddef&primaryColorDark=39ddef#key=')"
}
