{
  "items": [
    {
      "lens": "blackmagic-ursa-4k-24mm"
    }
  ]
}
