{
  "client": null,
  "created": "2023-06-29T08:54:52.349467+0000",
  "id": "take-af54cc45-7137-4206-a4c1-b3bc21b398fc",
  "metadata": {
    "analysis": "UmKdTFlLMIuIvJkRJnoM",
    "decade": "zAvJMvacZIYSmMsDUNvC",
    "director": "KNmpExWtgQLcAEuRyBkN",
    "draw": "PnbQcVNCliYtuFCSJkGb",
    "house": "aYyOUXkJPUjPJGpDdakX",
    "huge": "eFaLyHGEQQpSzpRFSYEm",
    "last": "dnZCcfgZNBnaEkbOzIyO",
    "other": "XbBPNrbhtJksbBuoWXSK",
    "table": "ACMVZcKAiGBcYgCzHAad",
    "trouble": "UgnhIyaDJzohUigyDYZf"
  },
  "name": "realize",
  "sources": [
    {
      "camera_settings": null,
      "device_label": "foobar",
      "file": {
        "client": null,
        "created": "2023-07-03T14:48:06.029019+0000",
        "id": "file-a0059241-7ede-411c-a149-769a4305e8b6",
        "metadata": {
          "analysis": "UmKdTFlLMIuIvJkRJnoM",
          "decade": "zAvJMvacZIYSmMsDUNvC",
          "director": "KNmpExWtgQLcAEuRyBkN",
          "draw": "PnbQcVNCliYtuFCSJkGb",
          "house": "aYyOUXkJPUjPJGpDdakX",
          "huge": "eFaLyHGEQQpSzpRFSYEm",
          "last": "dnZCcfgZNBnaEkbOzIyO",
          "other": "XbBPNrbhtJksbBuoWXSK",
          "table": "ACMVZcKAiGBcYgCzHAad",
          "trouble": "UgnhIyaDJzohUigyDYZf"
        },
        "name": "",
        "presigned_url": "HttpUrl('https://pytest_invalid_presigned_url.com/file')",
        "thumbnail_url": "HttpUrl('https://pytest_invalid_thumbnail_url.com/file')",
        "type": ".mp4"
      },
      "format": "MP4"
    },
    {
      "camera_settings": null,
      "device_label": "foobar",
      "file": {
        "client": null,
        "created": "2023-07-03T14:48:06.029019+0000",
        "id": "file-a0059241-7ede-411c-a149-769a4305e8b6",
        "metadata": {
          "analysis": "UmKdTFlLMIuIvJkRJnoM",
          "decade": "zAvJMvacZIYSmMsDUNvC",
          "director": "KNmpExWtgQLcAEuRyBkN",
          "draw": "PnbQcVNCliYtuFCSJkGb",
          "house": "aYyOUXkJPUjPJGpDdakX",
          "huge": "eFaLyHGEQQpSzpRFSYEm",
          "last": "dnZCcfgZNBnaEkbOzIyO",
          "other": "XbBPNrbhtJksbBuoWXSK",
          "table": "ACMVZcKAiGBcYgCzHAad",
          "trouble": "UgnhIyaDJzohUigyDYZf"
        },
        "name": "",
        "presigned_url": "HttpUrl('https://pytest_invalid_presigned_url.com/file')",
        "thumbnail_url": "HttpUrl('https://pytest_invalid_thumbnail_url.com/file')",
        "type": ".mp4"
      },
      "format": "MOVE"
    }
  ],
  "volume": null
}
