{
  "client": null,
  "created": "2023-07-10T12:13:56.615715+0000",
  "id": "job-59ff6b90-e03c-41cf-8d20-58926e0e4f3f",
  "inputs": {
    "clip_window": {
      "end_time": 10.0,
      "start_time": 10.0
    },
    "number_of_actors": 1,
    "options": {
      "trackBall": true,
      "trackFingers": false
    }
  },
  "metadata": {
    "analysis": "UmKdTFlLMIuIvJkRJnoM",
    "decade": "zAvJMvacZIYSmMsDUNvC",
    "director": "KNmpExWtgQLcAEuRyBkN",
    "draw": "PnbQcVNCliYtuFCSJkGb",
    "house": "aYyOUXkJPUjPJGpDdakX",
    "huge": "eFaLyHGEQQpSzpRFSYEm",
    "last": "dnZCcfgZNBnaEkbOzIyO",
    "other": "XbBPNrbhtJksbBuoWXSK",
    "table": "ACMVZcKAiGBcYgCzHAad",
    "trouble": "UgnhIyaDJzohUigyDYZf"
  },
  "name": "",
  "outputs": null,
  "progress": {
    "percentage_complete": 50,
    "state": "RUNNING"
  },
  "rig": null,
  "state": "RUNNING",
  "take": {
    "client": null,
    "created": "2023-06-29T08:54:52.349467+0000",
    "id": "take-af54cc45-7137-4206-a4c1-b3bc21b398fc",
    "metadata": {
      "analysis": "UmKdTFlLMIuIvJkRJnoM",
      "decade": "zAvJMvacZIYSmMsDUNvC",
      "director": "KNmpExWtgQLcAEuRyBkN",
      "draw": "PnbQcVNCliYtuFCSJkGb",
      "house": "aYyOUXkJPUjPJGpDdakX",
      "huge": "eFaLyHGEQQpSzpRFSYEm",
      "last": "dnZCcfgZNBnaEkbOzIyO",
      "other": "XbBPNrbhtJksbBuoWXSK",
      "table": "ACMVZcKAiGBcYgCzHAad",
      "trouble": "UgnhIyaDJzohUigyDYZf"
    },
    "name": "realize",
    "sources": null,
    "volume": null
  }
}
