{
  "items": [
    {
      "client": null,
      "created": "2023-07-10T12:13:56.615715+0000",
      "id": "job-59ff6b90-e03c-41cf-8d20-58926e0e4f3f",
      "inputs": {
        "clip_window": {
          "end_time": 10.0,
          "start_time": 10.0
        },
        "number_of_actors": 1,
        "options": {
          "trackBall": true,
          "trackFingers": false
        }
      },
      "metadata": {
        "analysis": "UmKdTFlLMIuIvJkRJnoM",
        "decade": "zAvJMvacZIYSmMsDUNvC",
        "director": "KNmpExWtgQLcAEuRyBkN",
        "draw": "PnbQcVNCliYtuFCSJkGb",
        "house": "aYyOUXkJPUjPJGpDdakX",
        "huge": "eFaLyHGEQQpSzpRFSYEm",
        "last": "dnZCcfgZNBnaEkbOzIyO",
        "other": "XbBPNrbhtJksbBuoWXSK",
        "table": "ACMVZcKAiGBcYgCzHAad",
        "trouble": "UgnhIyaDJzohUigyDYZf"
      },
      "name": "",
      "outputs": null,
      "progress": {
        "percentage_complete": 50,
        "state": "RUNNING"
      },
      "rig": null,
      "state": "RUNNING",
      "take": null
    }
  ],
  "limit": 3757,
  "next_token": {
    "agreement": "IROVLfjoMfevqGQzKwSq",
    "area": "MGeUnKHFDBnmrDQHVgvC",
    "contain": "ItsodpERiRYnOOBLwsUj",
    "design": "KQzXIRcgffyxzegWhSCA",
    "director": "oksQozLDQIKUXTOVnSgL",
    "figure": "UGNjTUxVagRUsmeXePiR",
    "garden": "HJNyPHvohoqQteqypgTr",
    "newspaper": "awilNVmYFmacFDbYHCfB",
    "really": "bzvYFNrFxckhfCPzGMPQ",
    "set": "psGGIszJTdvgqoXarfFt",
    "site": "wqiGgdMEXPdaWjqWDjsW",
    "so": "CgTFQSEFOSeUlDbpOYnf",
    "stuff": "UAkAvbvbIjMdtUGoSlUv"
  }
}
